{
    "query_type": "SELECT",
    "in_tables": [
        "urn:li:dataset:(urn:li:dataPlatform:mysql,mytable,PROD)"
    ],
    "out_tables": [],
    "column_lineage": [
        {
            "downstream": {
                "table": null,
                "column": "max_col"
            },
            "upstreams": [
                {
                    "table": "urn:li:dataset:(urn:li:dataPlatform:mysql,mytable,PROD)",
                    "column": "col1"
                },
                {
                    "table": "urn:li:dataset:(urn:li:dataPlatform:mysql,mytable,PROD)",
                    "column": "col2"
                }
            ]
        }
    ]
}