{
    "query_type": "CREATE",
    "in_tables": [
        "urn:li:dataset:(urn:li:dataPlatform:snowflake,long_tail_companions.analytics.customer_last_purchase_date,PROD)",
        "urn:li:dataset:(urn:li:dataPlatform:snowflake,long_tail_companions.ecommerce.purchases,PROD)"
    ],
    "out_tables": [
        "urn:li:dataset:(urn:li:dataPlatform:snowflake,long_tail_companions.analytics.active_customer_ltv,PROD)"
    ],
    "column_lineage": [
        {
            "downstream": {
                "table": "urn:li:dataset:(urn:li:dataPlatform:snowflake,long_tail_companions.analytics.active_customer_ltv,PROD)",
                "column": "USER_FK"
            },
            "upstreams": [
                {
                    "table": "urn:li:dataset:(urn:li:dataPlatform:snowflake,long_tail_companions.analytics.customer_last_purchase_date,PROD)",
                    "column": "USER_FK"
                }
            ]
        },
        {
            "downstream": {
                "table": "urn:li:dataset:(urn:li:dataPlatform:snowflake,long_tail_companions.analytics.active_customer_ltv,PROD)",
                "column": "EMAIL"
            },
            "upstreams": [
                {
                    "table": "urn:li:dataset:(urn:li:dataPlatform:snowflake,long_tail_companions.analytics.customer_last_purchase_date,PROD)",
                    "column": "EMAIL"
                }
            ]
        },
        {
            "downstream": {
                "table": "urn:li:dataset:(urn:li:dataPlatform:snowflake,long_tail_companions.analytics.active_customer_ltv,PROD)",
                "column": "LAST_PURCHASE_DATE"
            },
            "upstreams": [
                {
                    "table": "urn:li:dataset:(urn:li:dataPlatform:snowflake,long_tail_companions.analytics.customer_last_purchase_date,PROD)",
                    "column": "LAST_PURCHASE_DATE"
                }
            ]
        },
        {
            "downstream": {
                "table": "urn:li:dataset:(urn:li:dataPlatform:snowflake,long_tail_companions.analytics.active_customer_ltv,PROD)",
                "column": "LIFETIME_PURCHASE_AMOUNT"
            },
            "upstreams": [
                {
                    "table": "urn:li:dataset:(urn:li:dataPlatform:snowflake,long_tail_companions.ecommerce.purchases,PROD)",
                    "column": "purchase_amount"
                }
            ]
        },
        {
            "downstream": {
                "table": "urn:li:dataset:(urn:li:dataPlatform:snowflake,long_tail_companions.analytics.active_customer_ltv,PROD)",
                "column": "LIFETIME_PURCHASE_COUNT"
            },
            "upstreams": [
                {
                    "table": "urn:li:dataset:(urn:li:dataPlatform:snowflake,long_tail_companions.ecommerce.purchases,PROD)",
                    "column": "pk"
                }
            ]
        },
        {
            "downstream": {
                "table": "urn:li:dataset:(urn:li:dataPlatform:snowflake,long_tail_companions.analytics.active_customer_ltv,PROD)",
                "column": "AVERAGE_PURCHASE_AMOUNT"
            },
            "upstreams": [
                {
                    "table": "urn:li:dataset:(urn:li:dataPlatform:snowflake,long_tail_companions.ecommerce.purchases,PROD)",
                    "column": "pk"
                },
                {
                    "table": "urn:li:dataset:(urn:li:dataPlatform:snowflake,long_tail_companions.ecommerce.purchases,PROD)",
                    "column": "purchase_amount"
                }
            ]
        }
    ]
}