{
    "query_type": "CREATE",
    "in_tables": [
        "urn:li:dataset:(urn:li:dataPlatform:bigquery,my-proj-1.dataset.table1,PROD)",
        "urn:li:dataset:(urn:li:dataPlatform:bigquery,my-proj-1.dataset.table2,PROD)",
        "urn:li:dataset:(urn:li:dataPlatform:bigquery,my-proj-1.dataset.table3,PROD)"
    ],
    "out_tables": [
        "urn:li:dataset:(urn:li:dataPlatform:bigquery,my-proj-2.dataset.my_view,PROD)"
    ],
    "column_lineage": [
        {
            "downstream": {
                "table": "urn:li:dataset:(urn:li:dataPlatform:bigquery,my-proj-2.dataset.my_view,PROD)",
                "column": "col5"
            },
            "upstreams": [
                {
                    "table": "urn:li:dataset:(urn:li:dataPlatform:bigquery,my-proj-1.dataset.table3,PROD)",
                    "column": "col5"
                }
            ]
        },
        {
            "downstream": {
                "table": "urn:li:dataset:(urn:li:dataPlatform:bigquery,my-proj-2.dataset.my_view,PROD)",
                "column": "col1"
            },
            "upstreams": [
                {
                    "table": "urn:li:dataset:(urn:li:dataPlatform:bigquery,my-proj-1.dataset.table1,PROD)",
                    "column": "col1"
                }
            ]
        },
        {
            "downstream": {
                "table": "urn:li:dataset:(urn:li:dataPlatform:bigquery,my-proj-2.dataset.my_view,PROD)",
                "column": "col2"
            },
            "upstreams": [
                {
                    "table": "urn:li:dataset:(urn:li:dataPlatform:bigquery,my-proj-1.dataset.table1,PROD)",
                    "column": "col2"
                }
            ]
        },
        {
            "downstream": {
                "table": "urn:li:dataset:(urn:li:dataPlatform:bigquery,my-proj-2.dataset.my_view,PROD)",
                "column": "col3"
            },
            "upstreams": [
                {
                    "table": "urn:li:dataset:(urn:li:dataPlatform:bigquery,my-proj-1.dataset.table2,PROD)",
                    "column": "col3"
                }
            ]
        }
    ]
}