{
    "query_type": "SELECT",
    "in_tables": [
        "urn:li:dataset:(urn:li:dataPlatform:mysql,something_prd.fact_complaint_snapshot,PROD)"
    ],
    "out_tables": [],
    "column_lineage": [
        {
            "downstream": {
                "table": null,
                "column": "COUNT(`fact_complaint_snapshot`.`etl_data_dt_id`)"
            },
            "upstreams": [
                {
                    "table": "urn:li:dataset:(urn:li:dataPlatform:mysql,something_prd.fact_complaint_snapshot,PROD)",
                    "column": "etl_data_dt_id"
                }
            ]
        }
    ]
}