{
    "query_type": "CREATE",
    "in_tables": [
        "urn:li:dataset:(urn:li:dataPlatform:oracle,scott.emp,PROD)"
    ],
    "out_tables": [
        "urn:li:dataset:(urn:li:dataPlatform:oracle,vsal,PROD)"
    ],
    "column_lineage": [
        {
            "downstream": {
                "table": "urn:li:dataset:(urn:li:dataPlatform:oracle,vsal,PROD)",
                "column": "Department"
            },
            "upstreams": [
                {
                    "table": "urn:li:dataset:(urn:li:dataPlatform:oracle,scott.emp,PROD)",
                    "column": "deptno"
                }
            ]
        },
        {
            "downstream": {
                "table": "urn:li:dataset:(urn:li:dataPlatform:oracle,vsal,PROD)",
                "column": "Employees"
            },
            "upstreams": []
        },
        {
            "downstream": {
                "table": "urn:li:dataset:(urn:li:dataPlatform:oracle,vsal,PROD)",
                "column": "Salary"
            },
            "upstreams": [
                {
                    "table": "urn:li:dataset:(urn:li:dataPlatform:oracle,scott.emp,PROD)",
                    "column": "sal"
                }
            ]
        }
    ]
}