{
    "query_type": "CREATE",
    "in_tables": [
        "urn:li:dataset:(urn:li:dataPlatform:bigquery,my_project_2.my_dataset_2.sometable,PROD)",
        "urn:li:dataset:(urn:li:dataPlatform:bigquery,my_project_2.my_dataset_2.sometable2,PROD)"
    ],
    "out_tables": [
        "urn:li:dataset:(urn:li:dataPlatform:bigquery,my_view,PROD)"
    ],
    "column_lineage": [
        {
            "downstream": {
                "table": "urn:li:dataset:(urn:li:dataPlatform:bigquery,my_view,PROD)",
                "column": "col1"
            },
            "upstreams": [
                {
                    "table": "urn:li:dataset:(urn:li:dataPlatform:bigquery,my_project_2.my_dataset_2.sometable,PROD)",
                    "column": "col1"
                },
                {
                    "table": "urn:li:dataset:(urn:li:dataPlatform:bigquery,my_project_2.my_dataset_2.sometable2,PROD)",
                    "column": "col1"
                }
            ]
        },
        {
            "downstream": {
                "table": "urn:li:dataset:(urn:li:dataPlatform:bigquery,my_view,PROD)",
                "column": "col2"
            },
            "upstreams": [
                {
                    "table": "urn:li:dataset:(urn:li:dataPlatform:bigquery,my_project_2.my_dataset_2.sometable,PROD)",
                    "column": "col2"
                },
                {
                    "table": "urn:li:dataset:(urn:li:dataPlatform:bigquery,my_project_2.my_dataset_2.sometable2,PROD)",
                    "column": "col2"
                }
            ]
        }
    ]
}